lib/engine/matter-adapter.ts(89,70): error TS2345: Argument of type 'IBodyDefinition' is not assignable to parameter of type 'IChamferableBodyDefinition'.
  Types of property 'chamfer' are incompatible.
    Type 'IChamfer | null | undefined' is not assignable to type 'IChamfer | undefined'.
      Type 'null' is not assignable to type 'IChamfer | undefined'.
lib/engine/matter-adapter.ts(92,58): error TS2345: Argument of type 'IBodyDefinition' is not assignable to parameter of type 'IChamferableBodyDefinition'.
  Types of property 'chamfer' are incompatible.
    Type 'IChamfer | null | undefined' is not assignable to type 'IChamfer | undefined'.
      Type 'null' is not assignable to type 'IChamfer | undefined'.
lib/engine/matter-adapter.ts(95,58): error TS2345: Argument of type 'IBodyDefinition' is not assignable to parameter of type 'IChamferableBodyDefinition'.
  Types of property 'chamfer' are incompatible.
    Type 'IChamfer | null | undefined' is not assignable to type 'IChamfer | undefined'.
      Type 'null' is not assignable to type 'IChamfer | undefined'.
lib/engine/matter-adapter.ts(98,58): error TS2345: Argument of type 'IBodyDefinition' is not assignable to parameter of type 'IChamferableBodyDefinition'.
  Types of property 'chamfer' are incompatible.
    Type 'IChamfer | null | undefined' is not assignable to type 'IChamfer | undefined'.
      Type 'null' is not assignable to type 'IChamfer | undefined'.
